
=== NEW REQUEST [2026-07-22T05:12:06.981Z] ===
Method: POST
URL: /webhook/anantya
Headers: {
  "host": "localhost:8090",
  "user-agent": "curl/8.20.0",
  "accept": "*/*",
  "x-api-key": "D7ABBC42-8A61-47B0-9CF2-F7C4C8927536",
  "content-type": "application/json",
  "content-length": "2"
}
Body: {}
RawBody: {\
==================================

=== NEW REQUEST [2026-07-22T05:12:51.022Z] ===
Method: GET
URL: /webhook/anantya
Headers: {
  "host": "tremor-blabber-lizard.ngrok-free.dev",
  "user-agent": "curl/8.20.0",
  "accept": "*/*",
  "x-forwarded-for": "122.180.240.252",
  "x-forwarded-host": "tremor-blabber-lizard.ngrok-free.dev",
  "x-forwarded-proto": "https",
  "accept-encoding": "gzip"
}
Body: {}
RawBody: 
==================================

=== NEW REQUEST [2026-07-22T05:16:35.433Z] ===
Method: GET
URL: /webhook/anantya
Headers: {
  "host": "tremor-blabber-lizard.ngrok-free.dev",
  "user-agent": "curl/8.20.0",
  "accept": "*/*",
  "x-forwarded-for": "122.180.240.252",
  "x-forwarded-host": "tremor-blabber-lizard.ngrok-free.dev",
  "x-forwarded-proto": "https",
  "accept-encoding": "gzip"
}
Body: {}
RawBody: 
==================================

=== NEW REQUEST [2026-07-22T05:27:23.218Z] ===
Method: GET
URL: /webhook/anantya
Headers: {
  "host": "tremor-blabber-lizard.ngrok-free.dev",
  "user-agent": "curl/8.20.0",
  "accept": "*/*",
  "x-forwarded-for": "122.180.240.252",
  "x-forwarded-host": "tremor-blabber-lizard.ngrok-free.dev",
  "x-forwarded-proto": "https",
  "accept-encoding": "gzip"
}
Body: {}
RawBody: 
==================================

=== NEW REQUEST [2026-07-22T05:32:15.845Z] ===
Method: POST
URL: /webhook/anantya
Headers: {
  "host": "tremor-blabber-lizard.ngrok-free.dev",
  "user-agent": "Mozilla/5.0 (Windows NT 10.0; Win64; x64) AppleWebKit/537.36 (KHTML, like Gecko) Chrome/150.0.0.0 Safari/537.36",
  "content-length": "180",
  "accept": "application/json, text/plain, */*",
  "accept-encoding": "gzip, deflate, br, zstd",
  "accept-language": "en-US,en;q=0.9,hi;q=0.8",
  "authorization": "Bearer eyJhbGciOiJIUzI1NiIsInR5cCI6IkpXVCJ9.eyJqdGkiOiI0Zjk2NzQyNC05YzE1LTQ5N2ItYTM5MS1iM2QxZDViMDcyYzEiLCJpYXQiOjE3ODQxOTc3OTgsInN1YiI6ImRlbW83IiwidW5pcXVlX25hbWUiOiIxIiwiQ3VzdG9tZXJJZCI6IjEiLCJMb2dpbklkIjoiZGVtbzciLCJXYU5vIjoiOTE5MzU1MzE4ODg1IiwiQ3VzdG9tZXJOYW1lIjoiQW5hbnR5YWFpIENvbW11bmljYXRpb25zIiwiQ29tcGFueUFkbWluSWQiOiIwIiwiUm9sZUlkIjoiMiIsIlJvbGVOYW1lIjoiQWRtaW4iLCJEYlRhYmxlTmFtZSI6IjkxOTM1NTMxODg4NSIsIlVzZXJUaW1lWm9uZSI6IjI0MCIsIkFjY291bnRTdWJEb21haW5EQiI6ImRlbW83IiwibmJmIjoxNzg0MTk3Nzk4LCJleHAiOjE3ODQ4MDI1OTh9._Ppf3-75AFxt42xQUqCKAcUTmZSdzMAgfu8xBBloEso",
  "content-type": "application/json",
  "origin": "https://demo7.anantya.ai",
  "priority": "u=1, i",
  "referer": "https://demo7.anantya.ai/",
  "sec-ch-ua": "\"Not;A=Brand\";v=\"8\", \"Chromium\";v=\"150\", \"Google Chrome\";v=\"150\"",
  "sec-ch-ua-mobile": "?0",
  "sec-ch-ua-platform": "\"Windows\"",
  "sec-fetch-dest": "empty",
  "sec-fetch-mode": "cors",
  "sec-fetch-site": "cross-site",
  "x-forwarded-for": "122.180.240.252",
  "x-forwarded-host": "tremor-blabber-lizard.ngrok-free.dev",
  "x-forwarded-proto": "https"
}
Body: {
  "entry": [
    {
      "changes": [
        {
          "value": {
            "messages": [
              {
                "from": "9198*****",
                "id": "Wamid_20251111_msg_57514",
                "timestamp": "1760437230",
                "type": "text",
                "text": {
                  "body": "Test test test test"
                }
              }
            ]
          }
        }
      ]
    }
  ]
}
RawBody: {"entry":[{"changes":[{"value":{"messages":[{"from":"9198*****","id":"Wamid_20251111_msg_57514","timestamp":"1760437230","type":"text","text":{"body":"Test test test test"}}]}}]}]}
==================================

=== NEW REQUEST [2026-07-22T05:54:25.243Z] ===
Method: POST
URL: /webhook/anantya
Headers: {
  "host": "tremor-blabber-lizard.ngrok-free.dev",
  "user-agent": "Mozilla/5.0 (Windows NT 10.0; Win64; x64) AppleWebKit/537.36 (KHTML, like Gecko) Chrome/150.0.0.0 Safari/537.36",
  "content-length": "180",
  "accept": "application/json, text/plain, */*",
  "accept-encoding": "gzip, deflate, br, zstd",
  "accept-language": "en-US,en;q=0.9,hi;q=0.8",
  "authorization": "Bearer eyJhbGciOiJIUzI1NiIsInR5cCI6IkpXVCJ9.eyJqdGkiOiI0Zjk2NzQyNC05YzE1LTQ5N2ItYTM5MS1iM2QxZDViMDcyYzEiLCJpYXQiOjE3ODQxOTc3OTgsInN1YiI6ImRlbW83IiwidW5pcXVlX25hbWUiOiIxIiwiQ3VzdG9tZXJJZCI6IjEiLCJMb2dpbklkIjoiZGVtbzciLCJXYU5vIjoiOTE5MzU1MzE4ODg1IiwiQ3VzdG9tZXJOYW1lIjoiQW5hbnR5YWFpIENvbW11bmljYXRpb25zIiwiQ29tcGFueUFkbWluSWQiOiIwIiwiUm9sZUlkIjoiMiIsIlJvbGVOYW1lIjoiQWRtaW4iLCJEYlRhYmxlTmFtZSI6IjkxOTM1NTMxODg4NSIsIlVzZXJUaW1lWm9uZSI6IjI0MCIsIkFjY291bnRTdWJEb21haW5EQiI6ImRlbW83IiwibmJmIjoxNzg0MTk3Nzk4LCJleHAiOjE3ODQ4MDI1OTh9._Ppf3-75AFxt42xQUqCKAcUTmZSdzMAgfu8xBBloEso",
  "content-type": "application/json",
  "origin": "https://demo7.anantya.ai",
  "priority": "u=1, i",
  "referer": "https://demo7.anantya.ai/",
  "sec-ch-ua": "\"Not;A=Brand\";v=\"8\", \"Chromium\";v=\"150\", \"Google Chrome\";v=\"150\"",
  "sec-ch-ua-mobile": "?0",
  "sec-ch-ua-platform": "\"Windows\"",
  "sec-fetch-dest": "empty",
  "sec-fetch-mode": "cors",
  "sec-fetch-site": "cross-site",
  "x-api-key": "D7ABBC42-8A61-47B0-9CF2-F7C4C8927536",
  "x-forwarded-for": "122.180.240.252",
  "x-forwarded-host": "tremor-blabber-lizard.ngrok-free.dev",
  "x-forwarded-proto": "https"
}
Body: {
  "entry": [
    {
      "changes": [
        {
          "value": {
            "messages": [
              {
                "from": "9198*****",
                "id": "Wamid_20251111_msg_57514",
                "timestamp": "1760437230",
                "type": "text",
                "text": {
                  "body": "Test test test test"
                }
              }
            ]
          }
        }
      ]
    }
  ]
}
RawBody: {"entry":[{"changes":[{"value":{"messages":[{"from":"9198*****","id":"Wamid_20251111_msg_57514","timestamp":"1760437230","type":"text","text":{"body":"Test test test test"}}]}}]}]}
==================================

=== NEW REQUEST [2026-07-22T05:56:34.061Z] ===
Method: POST
URL: /webhook/anantya
Headers: {
  "host": "tremor-blabber-lizard.ngrok-free.dev",
  "user-agent": "Mozilla/5.0 (Windows NT 10.0; Win64; x64) AppleWebKit/537.36 (KHTML, like Gecko) Chrome/150.0.0.0 Safari/537.36",
  "content-length": "180",
  "accept": "application/json, text/plain, */*",
  "accept-encoding": "gzip, deflate, br, zstd",
  "accept-language": "en-US,en;q=0.9,hi;q=0.8",
  "authorization": "Bearer eyJhbGciOiJIUzI1NiIsInR5cCI6IkpXVCJ9.eyJqdGkiOiI0Zjk2NzQyNC05YzE1LTQ5N2ItYTM5MS1iM2QxZDViMDcyYzEiLCJpYXQiOjE3ODQxOTc3OTgsInN1YiI6ImRlbW83IiwidW5pcXVlX25hbWUiOiIxIiwiQ3VzdG9tZXJJZCI6IjEiLCJMb2dpbklkIjoiZGVtbzciLCJXYU5vIjoiOTE5MzU1MzE4ODg1IiwiQ3VzdG9tZXJOYW1lIjoiQW5hbnR5YWFpIENvbW11bmljYXRpb25zIiwiQ29tcGFueUFkbWluSWQiOiIwIiwiUm9sZUlkIjoiMiIsIlJvbGVOYW1lIjoiQWRtaW4iLCJEYlRhYmxlTmFtZSI6IjkxOTM1NTMxODg4NSIsIlVzZXJUaW1lWm9uZSI6IjI0MCIsIkFjY291bnRTdWJEb21haW5EQiI6ImRlbW83IiwibmJmIjoxNzg0MTk3Nzk4LCJleHAiOjE3ODQ4MDI1OTh9._Ppf3-75AFxt42xQUqCKAcUTmZSdzMAgfu8xBBloEso",
  "content-type": "application/json",
  "origin": "https://demo7.anantya.ai",
  "priority": "u=1, i",
  "referer": "https://demo7.anantya.ai/",
  "sec-ch-ua": "\"Not;A=Brand\";v=\"8\", \"Chromium\";v=\"150\", \"Google Chrome\";v=\"150\"",
  "sec-ch-ua-mobile": "?0",
  "sec-ch-ua-platform": "\"Windows\"",
  "sec-fetch-dest": "empty",
  "sec-fetch-mode": "cors",
  "sec-fetch-site": "cross-site",
  "x-api-key": "D7ABBC42-8A61-47B0-9CF2-F7C4C8927536",
  "x-forwarded-for": "122.180.240.252",
  "x-forwarded-host": "tremor-blabber-lizard.ngrok-free.dev",
  "x-forwarded-proto": "https"
}
Body: {
  "entry": [
    {
      "changes": [
        {
          "value": {
            "messages": [
              {
                "from": "9198*****",
                "id": "Wamid_20251111_msg_57514",
                "timestamp": "1760437230",
                "type": "text",
                "text": {
                  "body": "Test test test test"
                }
              }
            ]
          }
        }
      ]
    }
  ]
}
RawBody: {"entry":[{"changes":[{"value":{"messages":[{"from":"9198*****","id":"Wamid_20251111_msg_57514","timestamp":"1760437230","type":"text","text":{"body":"Test test test test"}}]}}]}]}
==================================

=== NEW REQUEST [2026-07-22T05:56:44.314Z] ===
Method: POST
URL: /webhook/anantya
Headers: {
  "host": "tremor-blabber-lizard.ngrok-free.dev",
  "user-agent": "Mozilla/5.0 (Windows NT 10.0; Win64; x64) AppleWebKit/537.36 (KHTML, like Gecko) Chrome/150.0.0.0 Safari/537.36",
  "content-length": "180",
  "accept": "application/json, text/plain, */*",
  "accept-encoding": "gzip, deflate, br, zstd",
  "accept-language": "en-US,en;q=0.9,hi;q=0.8",
  "authorization": "Bearer eyJhbGciOiJIUzI1NiIsInR5cCI6IkpXVCJ9.eyJqdGkiOiI0Zjk2NzQyNC05YzE1LTQ5N2ItYTM5MS1iM2QxZDViMDcyYzEiLCJpYXQiOjE3ODQxOTc3OTgsInN1YiI6ImRlbW83IiwidW5pcXVlX25hbWUiOiIxIiwiQ3VzdG9tZXJJZCI6IjEiLCJMb2dpbklkIjoiZGVtbzciLCJXYU5vIjoiOTE5MzU1MzE4ODg1IiwiQ3VzdG9tZXJOYW1lIjoiQW5hbnR5YWFpIENvbW11bmljYXRpb25zIiwiQ29tcGFueUFkbWluSWQiOiIwIiwiUm9sZUlkIjoiMiIsIlJvbGVOYW1lIjoiQWRtaW4iLCJEYlRhYmxlTmFtZSI6IjkxOTM1NTMxODg4NSIsIlVzZXJUaW1lWm9uZSI6IjI0MCIsIkFjY291bnRTdWJEb21haW5EQiI6ImRlbW83IiwibmJmIjoxNzg0MTk3Nzk4LCJleHAiOjE3ODQ4MDI1OTh9._Ppf3-75AFxt42xQUqCKAcUTmZSdzMAgfu8xBBloEso",
  "content-type": "application/json",
  "origin": "https://demo7.anantya.ai",
  "priority": "u=1, i",
  "referer": "https://demo7.anantya.ai/",
  "sec-ch-ua": "\"Not;A=Brand\";v=\"8\", \"Chromium\";v=\"150\", \"Google Chrome\";v=\"150\"",
  "sec-ch-ua-mobile": "?0",
  "sec-ch-ua-platform": "\"Windows\"",
  "sec-fetch-dest": "empty",
  "sec-fetch-mode": "cors",
  "sec-fetch-site": "cross-site",
  "x-api-key": "D7ABBC42-8A61-47B0-9CF2-F7C4C8927536",
  "x-forwarded-for": "122.180.240.252",
  "x-forwarded-host": "tremor-blabber-lizard.ngrok-free.dev",
  "x-forwarded-proto": "https"
}
Body: {
  "entry": [
    {
      "changes": [
        {
          "value": {
            "messages": [
              {
                "from": "9198*****",
                "id": "Wamid_20251111_msg_57514",
                "timestamp": "1760437230",
                "type": "text",
                "text": {
                  "body": "Test test test test"
                }
              }
            ]
          }
        }
      ]
    }
  ]
}
RawBody: {"entry":[{"changes":[{"value":{"messages":[{"from":"9198*****","id":"Wamid_20251111_msg_57514","timestamp":"1760437230","type":"text","text":{"body":"Test test test test"}}]}}]}]}
==================================

=== NEW REQUEST [2026-07-22T05:56:44.446Z] ===
Method: POST
URL: /webhook/anantya
Headers: {
  "host": "tremor-blabber-lizard.ngrok-free.dev",
  "user-agent": "Mozilla/5.0 (Windows NT 10.0; Win64; x64) AppleWebKit/537.36 (KHTML, like Gecko) Chrome/150.0.0.0 Safari/537.36",
  "content-length": "167",
  "accept": "application/json, text/plain, */*",
  "accept-encoding": "gzip, deflate, br, zstd",
  "accept-language": "en-US,en;q=0.9,hi;q=0.8",
  "authorization": "Bearer eyJhbGciOiJIUzI1NiIsInR5cCI6IkpXVCJ9.eyJqdGkiOiI0Zjk2NzQyNC05YzE1LTQ5N2ItYTM5MS1iM2QxZDViMDcyYzEiLCJpYXQiOjE3ODQxOTc3OTgsInN1YiI6ImRlbW83IiwidW5pcXVlX25hbWUiOiIxIiwiQ3VzdG9tZXJJZCI6IjEiLCJMb2dpbklkIjoiZGVtbzciLCJXYU5vIjoiOTE5MzU1MzE4ODg1IiwiQ3VzdG9tZXJOYW1lIjoiQW5hbnR5YWFpIENvbW11bmljYXRpb25zIiwiQ29tcGFueUFkbWluSWQiOiIwIiwiUm9sZUlkIjoiMiIsIlJvbGVOYW1lIjoiQWRtaW4iLCJEYlRhYmxlTmFtZSI6IjkxOTM1NTMxODg4NSIsIlVzZXJUaW1lWm9uZSI6IjI0MCIsIkFjY291bnRTdWJEb21haW5EQiI6ImRlbW83IiwibmJmIjoxNzg0MTk3Nzk4LCJleHAiOjE3ODQ4MDI1OTh9._Ppf3-75AFxt42xQUqCKAcUTmZSdzMAgfu8xBBloEso",
  "content-type": "application/json",
  "origin": "https://demo7.anantya.ai",
  "priority": "u=1, i",
  "referer": "https://demo7.anantya.ai/",
  "sec-ch-ua": "\"Not;A=Brand\";v=\"8\", \"Chromium\";v=\"150\", \"Google Chrome\";v=\"150\"",
  "sec-ch-ua-mobile": "?0",
  "sec-ch-ua-platform": "\"Windows\"",
  "sec-fetch-dest": "empty",
  "sec-fetch-mode": "cors",
  "sec-fetch-site": "cross-site",
  "x-api-key": "D7ABBC42-8A61-47B0-9CF2-F7C4C8927536",
  "x-forwarded-for": "122.180.240.252",
  "x-forwarded-host": "tremor-blabber-lizard.ngrok-free.dev",
  "x-forwarded-proto": "https"
}
Body: {
  "entry": [
    {
      "changes": [
        {
          "value": {
            "statuses": [
              {
                "id": "Wamid_20251111_ord_56269",
                "recipient_id": "9198*****",
                "status": "sent/delivered/read",
                "timestamp": "1760099813"
              }
            ]
          }
        }
      ]
    }
  ]
}
RawBody: {"entry":[{"changes":[{"value":{"statuses":[{"id":"Wamid_20251111_ord_56269","recipient_id":"9198*****","status":"sent/delivered/read","timestamp":"1760099813"}]}}]}]}
==================================

=== NEW REQUEST [2026-07-22T05:56:44.528Z] ===
Method: POST
URL: /webhook/anantya
Headers: {
  "host": "tremor-blabber-lizard.ngrok-free.dev",
  "user-agent": "Mozilla/5.0 (Windows NT 10.0; Win64; x64) AppleWebKit/537.36 (KHTML, like Gecko) Chrome/150.0.0.0 Safari/537.36",
  "content-length": "247",
  "accept": "application/json, text/plain, */*",
  "accept-encoding": "gzip, deflate, br, zstd",
  "accept-language": "en-US,en;q=0.9,hi;q=0.8",
  "authorization": "Bearer eyJhbGciOiJIUzI1NiIsInR5cCI6IkpXVCJ9.eyJqdGkiOiI0Zjk2NzQyNC05YzE1LTQ5N2ItYTM5MS1iM2QxZDViMDcyYzEiLCJpYXQiOjE3ODQxOTc3OTgsInN1YiI6ImRlbW83IiwidW5pcXVlX25hbWUiOiIxIiwiQ3VzdG9tZXJJZCI6IjEiLCJMb2dpbklkIjoiZGVtbzciLCJXYU5vIjoiOTE5MzU1MzE4ODg1IiwiQ3VzdG9tZXJOYW1lIjoiQW5hbnR5YWFpIENvbW11bmljYXRpb25zIiwiQ29tcGFueUFkbWluSWQiOiIwIiwiUm9sZUlkIjoiMiIsIlJvbGVOYW1lIjoiQWRtaW4iLCJEYlRhYmxlTmFtZSI6IjkxOTM1NTMxODg4NSIsIlVzZXJUaW1lWm9uZSI6IjI0MCIsIkFjY291bnRTdWJEb21haW5EQiI6ImRlbW83IiwibmJmIjoxNzg0MTk3Nzk4LCJleHAiOjE3ODQ4MDI1OTh9._Ppf3-75AFxt42xQUqCKAcUTmZSdzMAgfu8xBBloEso",
  "content-type": "application/json",
  "origin": "https://demo7.anantya.ai",
  "priority": "u=1, i",
  "referer": "https://demo7.anantya.ai/",
  "sec-ch-ua": "\"Not;A=Brand\";v=\"8\", \"Chromium\";v=\"150\", \"Google Chrome\";v=\"150\"",
  "sec-ch-ua-mobile": "?0",
  "sec-ch-ua-platform": "\"Windows\"",
  "sec-fetch-dest": "empty",
  "sec-fetch-mode": "cors",
  "sec-fetch-site": "cross-site",
  "x-api-key": "D7ABBC42-8A61-47B0-9CF2-F7C4C8927536",
  "x-forwarded-for": "122.180.240.252",
  "x-forwarded-host": "tremor-blabber-lizard.ngrok-free.dev",
  "x-forwarded-proto": "https"
}
Body: {
  "entry": [
    {
      "changes": [
        {
          "value": {
            "statuses": [
              {
                "id": "Wamid_20251111_ord_56221",
                "recipient_id": "9198*****",
                "status": "failed",
                "timestamp": "1760002236",
                "errors": [
                  {
                    "code": 131026,
                    "title": "Message undeliverable",
                    "message": "Message undeliverable"
                  }
                ]
              }
            ]
          }
        }
      ]
    }
  ]
}
RawBody: {"entry":[{"changes":[{"value":{"statuses":[{"id":"Wamid_20251111_ord_56221","recipient_id":"9198*****","status":"failed","timestamp":"1760002236","errors":[{"code":131026,"title":"Message undeliverable","message":"Message undeliverable"}]}]}}]}]}
==================================

=== NEW REQUEST [2026-07-22T05:56:44.610Z] ===
Method: POST
URL: /webhook/anantya
Headers: {
  "host": "tremor-blabber-lizard.ngrok-free.dev",
  "user-agent": "Mozilla/5.0 (Windows NT 10.0; Win64; x64) AppleWebKit/537.36 (KHTML, like Gecko) Chrome/150.0.0.0 Safari/537.36",
  "content-length": "167",
  "accept": "application/json, text/plain, */*",
  "accept-encoding": "gzip, deflate, br, zstd",
  "accept-language": "en-US,en;q=0.9,hi;q=0.8",
  "authorization": "Bearer eyJhbGciOiJIUzI1NiIsInR5cCI6IkpXVCJ9.eyJqdGkiOiI0Zjk2NzQyNC05YzE1LTQ5N2ItYTM5MS1iM2QxZDViMDcyYzEiLCJpYXQiOjE3ODQxOTc3OTgsInN1YiI6ImRlbW83IiwidW5pcXVlX25hbWUiOiIxIiwiQ3VzdG9tZXJJZCI6IjEiLCJMb2dpbklkIjoiZGVtbzciLCJXYU5vIjoiOTE5MzU1MzE4ODg1IiwiQ3VzdG9tZXJOYW1lIjoiQW5hbnR5YWFpIENvbW11bmljYXRpb25zIiwiQ29tcGFueUFkbWluSWQiOiIwIiwiUm9sZUlkIjoiMiIsIlJvbGVOYW1lIjoiQWRtaW4iLCJEYlRhYmxlTmFtZSI6IjkxOTM1NTMxODg4NSIsIlVzZXJUaW1lWm9uZSI6IjI0MCIsIkFjY291bnRTdWJEb21haW5EQiI6ImRlbW83IiwibmJmIjoxNzg0MTk3Nzk4LCJleHAiOjE3ODQ4MDI1OTh9._Ppf3-75AFxt42xQUqCKAcUTmZSdzMAgfu8xBBloEso",
  "content-type": "application/json",
  "origin": "https://demo7.anantya.ai",
  "priority": "u=1, i",
  "referer": "https://demo7.anantya.ai/",
  "sec-ch-ua": "\"Not;A=Brand\";v=\"8\", \"Chromium\";v=\"150\", \"Google Chrome\";v=\"150\"",
  "sec-ch-ua-mobile": "?0",
  "sec-ch-ua-platform": "\"Windows\"",
  "sec-fetch-dest": "empty",
  "sec-fetch-mode": "cors",
  "sec-fetch-site": "cross-site",
  "x-api-key": "D7ABBC42-8A61-47B0-9CF2-F7C4C8927536",
  "x-forwarded-for": "122.180.240.252",
  "x-forwarded-host": "tremor-blabber-lizard.ngrok-free.dev",
  "x-forwarded-proto": "https"
}
Body: {
  "entry": [
    {
      "changes": [
        {
          "value": {
            "statuses": [
              {
                "id": "Wamid_20251111_msg_56269",
                "recipient_id": "9198*****",
                "status": "sent/delivered/read",
                "timestamp": "1760099813"
              }
            ]
          }
        }
      ]
    }
  ]
}
RawBody: {"entry":[{"changes":[{"value":{"statuses":[{"id":"Wamid_20251111_msg_56269","recipient_id":"9198*****","status":"sent/delivered/read","timestamp":"1760099813"}]}}]}]}
==================================

=== NEW REQUEST [2026-07-22T05:56:44.682Z] ===
Method: POST
URL: /webhook/anantya
Headers: {
  "host": "tremor-blabber-lizard.ngrok-free.dev",
  "user-agent": "Mozilla/5.0 (Windows NT 10.0; Win64; x64) AppleWebKit/537.36 (KHTML, like Gecko) Chrome/150.0.0.0 Safari/537.36",
  "content-length": "226",
  "accept": "application/json, text/plain, */*",
  "accept-encoding": "gzip, deflate, br, zstd",
  "accept-language": "en-US,en;q=0.9,hi;q=0.8",
  "authorization": "Bearer eyJhbGciOiJIUzI1NiIsInR5cCI6IkpXVCJ9.eyJqdGkiOiI0Zjk2NzQyNC05YzE1LTQ5N2ItYTM5MS1iM2QxZDViMDcyYzEiLCJpYXQiOjE3ODQxOTc3OTgsInN1YiI6ImRlbW83IiwidW5pcXVlX25hbWUiOiIxIiwiQ3VzdG9tZXJJZCI6IjEiLCJMb2dpbklkIjoiZGVtbzciLCJXYU5vIjoiOTE5MzU1MzE4ODg1IiwiQ3VzdG9tZXJOYW1lIjoiQW5hbnR5YWFpIENvbW11bmljYXRpb25zIiwiQ29tcGFueUFkbWluSWQiOiIwIiwiUm9sZUlkIjoiMiIsIlJvbGVOYW1lIjoiQWRtaW4iLCJEYlRhYmxlTmFtZSI6IjkxOTM1NTMxODg4NSIsIlVzZXJUaW1lWm9uZSI6IjI0MCIsIkFjY291bnRTdWJEb21haW5EQiI6ImRlbW83IiwibmJmIjoxNzg0MTk3Nzk4LCJleHAiOjE3ODQ4MDI1OTh9._Ppf3-75AFxt42xQUqCKAcUTmZSdzMAgfu8xBBloEso",
  "content-type": "application/json",
  "origin": "https://demo7.anantya.ai",
  "priority": "u=1, i",
  "referer": "https://demo7.anantya.ai/",
  "sec-ch-ua": "\"Not;A=Brand\";v=\"8\", \"Chromium\";v=\"150\", \"Google Chrome\";v=\"150\"",
  "sec-ch-ua-mobile": "?0",
  "sec-ch-ua-platform": "\"Windows\"",
  "sec-fetch-dest": "empty",
  "sec-fetch-mode": "cors",
  "sec-fetch-site": "cross-site",
  "x-api-key": "D7ABBC42-8A61-47B0-9CF2-F7C4C8927536",
  "x-forwarded-for": "122.180.240.252",
  "x-forwarded-host": "tremor-blabber-lizard.ngrok-free.dev",
  "x-forwarded-proto": "https"
}
Body: {
  "entry": [
    {
      "changes": [
        {
          "value": {
            "statuses": [
              {
                "id": "Wamid_20251111_msg_56221",
                "recipient_id": "9198*****",
                "status": "failed",
                "timestamp": "1760002236",
                "errors": [
                  {
                    "code": 131047,
                    "title": "Re-engagement message",
                    "message": ""
                  }
                ]
              }
            ]
          }
        }
      ]
    }
  ]
}
RawBody: {"entry":[{"changes":[{"value":{"statuses":[{"id":"Wamid_20251111_msg_56221","recipient_id":"9198*****","status":"failed","timestamp":"1760002236","errors":[{"code":131047,"title":"Re-engagement message","message":""}]}]}}]}]}
==================================

=== NEW REQUEST [2026-07-22T05:58:58.502Z] ===
Method: POST
URL: /webhook/anantya
Headers: {
  "host": "tremor-blabber-lizard.ngrok-free.dev",
  "user-agent": "Mozilla/5.0 (Windows NT 10.0; Win64; x64) AppleWebKit/537.36 (KHTML, like Gecko) Chrome/150.0.0.0 Safari/537.36",
  "content-length": "167",
  "accept": "application/json, text/plain, */*",
  "accept-encoding": "gzip, deflate, br, zstd",
  "accept-language": "en-US,en;q=0.9,hi;q=0.8",
  "authorization": "Bearer eyJhbGciOiJIUzI1NiIsInR5cCI6IkpXVCJ9.eyJqdGkiOiI0Zjk2NzQyNC05YzE1LTQ5N2ItYTM5MS1iM2QxZDViMDcyYzEiLCJpYXQiOjE3ODQxOTc3OTgsInN1YiI6ImRlbW83IiwidW5pcXVlX25hbWUiOiIxIiwiQ3VzdG9tZXJJZCI6IjEiLCJMb2dpbklkIjoiZGVtbzciLCJXYU5vIjoiOTE5MzU1MzE4ODg1IiwiQ3VzdG9tZXJOYW1lIjoiQW5hbnR5YWFpIENvbW11bmljYXRpb25zIiwiQ29tcGFueUFkbWluSWQiOiIwIiwiUm9sZUlkIjoiMiIsIlJvbGVOYW1lIjoiQWRtaW4iLCJEYlRhYmxlTmFtZSI6IjkxOTM1NTMxODg4NSIsIlVzZXJUaW1lWm9uZSI6IjI0MCIsIkFjY291bnRTdWJEb21haW5EQiI6ImRlbW83IiwibmJmIjoxNzg0MTk3Nzk4LCJleHAiOjE3ODQ4MDI1OTh9._Ppf3-75AFxt42xQUqCKAcUTmZSdzMAgfu8xBBloEso",
  "content-type": "application/json",
  "origin": "https://demo7.anantya.ai",
  "priority": "u=1, i",
  "referer": "https://demo7.anantya.ai/",
  "sec-ch-ua": "\"Not;A=Brand\";v=\"8\", \"Chromium\";v=\"150\", \"Google Chrome\";v=\"150\"",
  "sec-ch-ua-mobile": "?0",
  "sec-ch-ua-platform": "\"Windows\"",
  "sec-fetch-dest": "empty",
  "sec-fetch-mode": "cors",
  "sec-fetch-site": "cross-site",
  "x-api-key": "D7ABBC42-8A61-47B0-9CF2-F7C4C8927536",
  "x-forwarded-for": "122.180.240.252",
  "x-forwarded-host": "tremor-blabber-lizard.ngrok-free.dev",
  "x-forwarded-proto": "https"
}
Body: {
  "entry": [
    {
      "changes": [
        {
          "value": {
            "statuses": [
              {
                "id": "Wamid_20251111_ord_56269",
                "recipient_id": "9198*****",
                "status": "sent/delivered/read",
                "timestamp": "1760099813"
              }
            ]
          }
        }
      ]
    }
  ]
}
RawBody: {"entry":[{"changes":[{"value":{"statuses":[{"id":"Wamid_20251111_ord_56269","recipient_id":"9198*****","status":"sent/delivered/read","timestamp":"1760099813"}]}}]}]}
==================================

=== NEW REQUEST [2026-07-22T05:59:00.955Z] ===
Method: POST
URL: /webhook/anantya
Headers: {
  "host": "tremor-blabber-lizard.ngrok-free.dev",
  "user-agent": "Mozilla/5.0 (Windows NT 10.0; Win64; x64) AppleWebKit/537.36 (KHTML, like Gecko) Chrome/150.0.0.0 Safari/537.36",
  "content-length": "247",
  "accept": "application/json, text/plain, */*",
  "accept-encoding": "gzip, deflate, br, zstd",
  "accept-language": "en-US,en;q=0.9,hi;q=0.8",
  "authorization": "Bearer eyJhbGciOiJIUzI1NiIsInR5cCI6IkpXVCJ9.eyJqdGkiOiI0Zjk2NzQyNC05YzE1LTQ5N2ItYTM5MS1iM2QxZDViMDcyYzEiLCJpYXQiOjE3ODQxOTc3OTgsInN1YiI6ImRlbW83IiwidW5pcXVlX25hbWUiOiIxIiwiQ3VzdG9tZXJJZCI6IjEiLCJMb2dpbklkIjoiZGVtbzciLCJXYU5vIjoiOTE5MzU1MzE4ODg1IiwiQ3VzdG9tZXJOYW1lIjoiQW5hbnR5YWFpIENvbW11bmljYXRpb25zIiwiQ29tcGFueUFkbWluSWQiOiIwIiwiUm9sZUlkIjoiMiIsIlJvbGVOYW1lIjoiQWRtaW4iLCJEYlRhYmxlTmFtZSI6IjkxOTM1NTMxODg4NSIsIlVzZXJUaW1lWm9uZSI6IjI0MCIsIkFjY291bnRTdWJEb21haW5EQiI6ImRlbW83IiwibmJmIjoxNzg0MTk3Nzk4LCJleHAiOjE3ODQ4MDI1OTh9._Ppf3-75AFxt42xQUqCKAcUTmZSdzMAgfu8xBBloEso",
  "content-type": "application/json",
  "origin": "https://demo7.anantya.ai",
  "priority": "u=1, i",
  "referer": "https://demo7.anantya.ai/",
  "sec-ch-ua": "\"Not;A=Brand\";v=\"8\", \"Chromium\";v=\"150\", \"Google Chrome\";v=\"150\"",
  "sec-ch-ua-mobile": "?0",
  "sec-ch-ua-platform": "\"Windows\"",
  "sec-fetch-dest": "empty",
  "sec-fetch-mode": "cors",
  "sec-fetch-site": "cross-site",
  "x-api-key": "D7ABBC42-8A61-47B0-9CF2-F7C4C8927536",
  "x-forwarded-for": "122.180.240.252",
  "x-forwarded-host": "tremor-blabber-lizard.ngrok-free.dev",
  "x-forwarded-proto": "https"
}
Body: {
  "entry": [
    {
      "changes": [
        {
          "value": {
            "statuses": [
              {
                "id": "Wamid_20251111_ord_56221",
                "recipient_id": "9198*****",
                "status": "failed",
                "timestamp": "1760002236",
                "errors": [
                  {
                    "code": 131026,
                    "title": "Message undeliverable",
                    "message": "Message undeliverable"
                  }
                ]
              }
            ]
          }
        }
      ]
    }
  ]
}
RawBody: {"entry":[{"changes":[{"value":{"statuses":[{"id":"Wamid_20251111_ord_56221","recipient_id":"9198*****","status":"failed","timestamp":"1760002236","errors":[{"code":131026,"title":"Message undeliverable","message":"Message undeliverable"}]}]}}]}]}
==================================

=== NEW REQUEST [2026-07-22T05:59:04.773Z] ===
Method: POST
URL: /webhook/anantya
Headers: {
  "host": "tremor-blabber-lizard.ngrok-free.dev",
  "user-agent": "Mozilla/5.0 (Windows NT 10.0; Win64; x64) AppleWebKit/537.36 (KHTML, like Gecko) Chrome/150.0.0.0 Safari/537.36",
  "content-length": "167",
  "accept": "application/json, text/plain, */*",
  "accept-encoding": "gzip, deflate, br, zstd",
  "accept-language": "en-US,en;q=0.9,hi;q=0.8",
  "authorization": "Bearer eyJhbGciOiJIUzI1NiIsInR5cCI6IkpXVCJ9.eyJqdGkiOiI0Zjk2NzQyNC05YzE1LTQ5N2ItYTM5MS1iM2QxZDViMDcyYzEiLCJpYXQiOjE3ODQxOTc3OTgsInN1YiI6ImRlbW83IiwidW5pcXVlX25hbWUiOiIxIiwiQ3VzdG9tZXJJZCI6IjEiLCJMb2dpbklkIjoiZGVtbzciLCJXYU5vIjoiOTE5MzU1MzE4ODg1IiwiQ3VzdG9tZXJOYW1lIjoiQW5hbnR5YWFpIENvbW11bmljYXRpb25zIiwiQ29tcGFueUFkbWluSWQiOiIwIiwiUm9sZUlkIjoiMiIsIlJvbGVOYW1lIjoiQWRtaW4iLCJEYlRhYmxlTmFtZSI6IjkxOTM1NTMxODg4NSIsIlVzZXJUaW1lWm9uZSI6IjI0MCIsIkFjY291bnRTdWJEb21haW5EQiI6ImRlbW83IiwibmJmIjoxNzg0MTk3Nzk4LCJleHAiOjE3ODQ4MDI1OTh9._Ppf3-75AFxt42xQUqCKAcUTmZSdzMAgfu8xBBloEso",
  "content-type": "application/json",
  "origin": "https://demo7.anantya.ai",
  "priority": "u=1, i",
  "referer": "https://demo7.anantya.ai/",
  "sec-ch-ua": "\"Not;A=Brand\";v=\"8\", \"Chromium\";v=\"150\", \"Google Chrome\";v=\"150\"",
  "sec-ch-ua-mobile": "?0",
  "sec-ch-ua-platform": "\"Windows\"",
  "sec-fetch-dest": "empty",
  "sec-fetch-mode": "cors",
  "sec-fetch-site": "cross-site",
  "x-api-key": "D7ABBC42-8A61-47B0-9CF2-F7C4C8927536",
  "x-forwarded-for": "122.180.240.252",
  "x-forwarded-host": "tremor-blabber-lizard.ngrok-free.dev",
  "x-forwarded-proto": "https"
}
Body: {
  "entry": [
    {
      "changes": [
        {
          "value": {
            "statuses": [
              {
                "id": "Wamid_20251111_ord_56269",
                "recipient_id": "9198*****",
                "status": "sent/delivered/read",
                "timestamp": "1760099813"
              }
            ]
          }
        }
      ]
    }
  ]
}
RawBody: {"entry":[{"changes":[{"value":{"statuses":[{"id":"Wamid_20251111_ord_56269","recipient_id":"9198*****","status":"sent/delivered/read","timestamp":"1760099813"}]}}]}]}
==================================

=== NEW REQUEST [2026-07-22T05:59:04.872Z] ===
Method: POST
URL: /webhook/anantya
Headers: {
  "host": "tremor-blabber-lizard.ngrok-free.dev",
  "user-agent": "Mozilla/5.0 (Windows NT 10.0; Win64; x64) AppleWebKit/537.36 (KHTML, like Gecko) Chrome/150.0.0.0 Safari/537.36",
  "content-length": "247",
  "accept": "application/json, text/plain, */*",
  "accept-encoding": "gzip, deflate, br, zstd",
  "accept-language": "en-US,en;q=0.9,hi;q=0.8",
  "authorization": "Bearer eyJhbGciOiJIUzI1NiIsInR5cCI6IkpXVCJ9.eyJqdGkiOiI0Zjk2NzQyNC05YzE1LTQ5N2ItYTM5MS1iM2QxZDViMDcyYzEiLCJpYXQiOjE3ODQxOTc3OTgsInN1YiI6ImRlbW83IiwidW5pcXVlX25hbWUiOiIxIiwiQ3VzdG9tZXJJZCI6IjEiLCJMb2dpbklkIjoiZGVtbzciLCJXYU5vIjoiOTE5MzU1MzE4ODg1IiwiQ3VzdG9tZXJOYW1lIjoiQW5hbnR5YWFpIENvbW11bmljYXRpb25zIiwiQ29tcGFueUFkbWluSWQiOiIwIiwiUm9sZUlkIjoiMiIsIlJvbGVOYW1lIjoiQWRtaW4iLCJEYlRhYmxlTmFtZSI6IjkxOTM1NTMxODg4NSIsIlVzZXJUaW1lWm9uZSI6IjI0MCIsIkFjY291bnRTdWJEb21haW5EQiI6ImRlbW83IiwibmJmIjoxNzg0MTk3Nzk4LCJleHAiOjE3ODQ4MDI1OTh9._Ppf3-75AFxt42xQUqCKAcUTmZSdzMAgfu8xBBloEso",
  "content-type": "application/json",
  "origin": "https://demo7.anantya.ai",
  "priority": "u=1, i",
  "referer": "https://demo7.anantya.ai/",
  "sec-ch-ua": "\"Not;A=Brand\";v=\"8\", \"Chromium\";v=\"150\", \"Google Chrome\";v=\"150\"",
  "sec-ch-ua-mobile": "?0",
  "sec-ch-ua-platform": "\"Windows\"",
  "sec-fetch-dest": "empty",
  "sec-fetch-mode": "cors",
  "sec-fetch-site": "cross-site",
  "x-api-key": "D7ABBC42-8A61-47B0-9CF2-F7C4C8927536",
  "x-forwarded-for": "122.180.240.252",
  "x-forwarded-host": "tremor-blabber-lizard.ngrok-free.dev",
  "x-forwarded-proto": "https"
}
Body: {
  "entry": [
    {
      "changes": [
        {
          "value": {
            "statuses": [
              {
                "id": "Wamid_20251111_ord_56221",
                "recipient_id": "9198*****",
                "status": "failed",
                "timestamp": "1760002236",
                "errors": [
                  {
                    "code": 131026,
                    "title": "Message undeliverable",
                    "message": "Message undeliverable"
                  }
                ]
              }
            ]
          }
        }
      ]
    }
  ]
}
RawBody: {"entry":[{"changes":[{"value":{"statuses":[{"id":"Wamid_20251111_ord_56221","recipient_id":"9198*****","status":"failed","timestamp":"1760002236","errors":[{"code":131026,"title":"Message undeliverable","message":"Message undeliverable"}]}]}}]}]}
==================================

=== NEW REQUEST [2026-07-22T05:59:04.965Z] ===
Method: POST
URL: /webhook/anantya
Headers: {
  "host": "tremor-blabber-lizard.ngrok-free.dev",
  "user-agent": "Mozilla/5.0 (Windows NT 10.0; Win64; x64) AppleWebKit/537.36 (KHTML, like Gecko) Chrome/150.0.0.0 Safari/537.36",
  "content-length": "167",
  "accept": "application/json, text/plain, */*",
  "accept-encoding": "gzip, deflate, br, zstd",
  "accept-language": "en-US,en;q=0.9,hi;q=0.8",
  "authorization": "Bearer eyJhbGciOiJIUzI1NiIsInR5cCI6IkpXVCJ9.eyJqdGkiOiI0Zjk2NzQyNC05YzE1LTQ5N2ItYTM5MS1iM2QxZDViMDcyYzEiLCJpYXQiOjE3ODQxOTc3OTgsInN1YiI6ImRlbW83IiwidW5pcXVlX25hbWUiOiIxIiwiQ3VzdG9tZXJJZCI6IjEiLCJMb2dpbklkIjoiZGVtbzciLCJXYU5vIjoiOTE5MzU1MzE4ODg1IiwiQ3VzdG9tZXJOYW1lIjoiQW5hbnR5YWFpIENvbW11bmljYXRpb25zIiwiQ29tcGFueUFkbWluSWQiOiIwIiwiUm9sZUlkIjoiMiIsIlJvbGVOYW1lIjoiQWRtaW4iLCJEYlRhYmxlTmFtZSI6IjkxOTM1NTMxODg4NSIsIlVzZXJUaW1lWm9uZSI6IjI0MCIsIkFjY291bnRTdWJEb21haW5EQiI6ImRlbW83IiwibmJmIjoxNzg0MTk3Nzk4LCJleHAiOjE3ODQ4MDI1OTh9._Ppf3-75AFxt42xQUqCKAcUTmZSdzMAgfu8xBBloEso",
  "content-type": "application/json",
  "origin": "https://demo7.anantya.ai",
  "priority": "u=1, i",
  "referer": "https://demo7.anantya.ai/",
  "sec-ch-ua": "\"Not;A=Brand\";v=\"8\", \"Chromium\";v=\"150\", \"Google Chrome\";v=\"150\"",
  "sec-ch-ua-mobile": "?0",
  "sec-ch-ua-platform": "\"Windows\"",
  "sec-fetch-dest": "empty",
  "sec-fetch-mode": "cors",
  "sec-fetch-site": "cross-site",
  "x-api-key": "D7ABBC42-8A61-47B0-9CF2-F7C4C8927536",
  "x-forwarded-for": "122.180.240.252",
  "x-forwarded-host": "tremor-blabber-lizard.ngrok-free.dev",
  "x-forwarded-proto": "https"
}
Body: {
  "entry": [
    {
      "changes": [
        {
          "value": {
            "statuses": [
              {
                "id": "Wamid_20251111_msg_56269",
                "recipient_id": "9198*****",
                "status": "sent/delivered/read",
                "timestamp": "1760099813"
              }
            ]
          }
        }
      ]
    }
  ]
}
RawBody: {"entry":[{"changes":[{"value":{"statuses":[{"id":"Wamid_20251111_msg_56269","recipient_id":"9198*****","status":"sent/delivered/read","timestamp":"1760099813"}]}}]}]}
==================================

=== NEW REQUEST [2026-07-22T05:59:05.059Z] ===
Method: POST
URL: /webhook/anantya
Headers: {
  "host": "tremor-blabber-lizard.ngrok-free.dev",
  "user-agent": "Mozilla/5.0 (Windows NT 10.0; Win64; x64) AppleWebKit/537.36 (KHTML, like Gecko) Chrome/150.0.0.0 Safari/537.36",
  "content-length": "226",
  "accept": "application/json, text/plain, */*",
  "accept-encoding": "gzip, deflate, br, zstd",
  "accept-language": "en-US,en;q=0.9,hi;q=0.8",
  "authorization": "Bearer eyJhbGciOiJIUzI1NiIsInR5cCI6IkpXVCJ9.eyJqdGkiOiI0Zjk2NzQyNC05YzE1LTQ5N2ItYTM5MS1iM2QxZDViMDcyYzEiLCJpYXQiOjE3ODQxOTc3OTgsInN1YiI6ImRlbW83IiwidW5pcXVlX25hbWUiOiIxIiwiQ3VzdG9tZXJJZCI6IjEiLCJMb2dpbklkIjoiZGVtbzciLCJXYU5vIjoiOTE5MzU1MzE4ODg1IiwiQ3VzdG9tZXJOYW1lIjoiQW5hbnR5YWFpIENvbW11bmljYXRpb25zIiwiQ29tcGFueUFkbWluSWQiOiIwIiwiUm9sZUlkIjoiMiIsIlJvbGVOYW1lIjoiQWRtaW4iLCJEYlRhYmxlTmFtZSI6IjkxOTM1NTMxODg4NSIsIlVzZXJUaW1lWm9uZSI6IjI0MCIsIkFjY291bnRTdWJEb21haW5EQiI6ImRlbW83IiwibmJmIjoxNzg0MTk3Nzk4LCJleHAiOjE3ODQ4MDI1OTh9._Ppf3-75AFxt42xQUqCKAcUTmZSdzMAgfu8xBBloEso",
  "content-type": "application/json",
  "origin": "https://demo7.anantya.ai",
  "priority": "u=1, i",
  "referer": "https://demo7.anantya.ai/",
  "sec-ch-ua": "\"Not;A=Brand\";v=\"8\", \"Chromium\";v=\"150\", \"Google Chrome\";v=\"150\"",
  "sec-ch-ua-mobile": "?0",
  "sec-ch-ua-platform": "\"Windows\"",
  "sec-fetch-dest": "empty",
  "sec-fetch-mode": "cors",
  "sec-fetch-site": "cross-site",
  "x-api-key": "D7ABBC42-8A61-47B0-9CF2-F7C4C8927536",
  "x-forwarded-for": "122.180.240.252",
  "x-forwarded-host": "tremor-blabber-lizard.ngrok-free.dev",
  "x-forwarded-proto": "https"
}
Body: {
  "entry": [
    {
      "changes": [
        {
          "value": {
            "statuses": [
              {
                "id": "Wamid_20251111_msg_56221",
                "recipient_id": "9198*****",
                "status": "failed",
                "timestamp": "1760002236",
                "errors": [
                  {
                    "code": 131047,
                    "title": "Re-engagement message",
                    "message": ""
                  }
                ]
              }
            ]
          }
        }
      ]
    }
  ]
}
RawBody: {"entry":[{"changes":[{"value":{"statuses":[{"id":"Wamid_20251111_msg_56221","recipient_id":"9198*****","status":"failed","timestamp":"1760002236","errors":[{"code":131047,"title":"Re-engagement message","message":""}]}]}}]}]}
==================================

=== NEW REQUEST [2026-07-22T05:59:05.154Z] ===
Method: POST
URL: /webhook/anantya
Headers: {
  "host": "tremor-blabber-lizard.ngrok-free.dev",
  "user-agent": "Mozilla/5.0 (Windows NT 10.0; Win64; x64) AppleWebKit/537.36 (KHTML, like Gecko) Chrome/150.0.0.0 Safari/537.36",
  "content-length": "180",
  "accept": "application/json, text/plain, */*",
  "accept-encoding": "gzip, deflate, br, zstd",
  "accept-language": "en-US,en;q=0.9,hi;q=0.8",
  "authorization": "Bearer eyJhbGciOiJIUzI1NiIsInR5cCI6IkpXVCJ9.eyJqdGkiOiI0Zjk2NzQyNC05YzE1LTQ5N2ItYTM5MS1iM2QxZDViMDcyYzEiLCJpYXQiOjE3ODQxOTc3OTgsInN1YiI6ImRlbW83IiwidW5pcXVlX25hbWUiOiIxIiwiQ3VzdG9tZXJJZCI6IjEiLCJMb2dpbklkIjoiZGVtbzciLCJXYU5vIjoiOTE5MzU1MzE4ODg1IiwiQ3VzdG9tZXJOYW1lIjoiQW5hbnR5YWFpIENvbW11bmljYXRpb25zIiwiQ29tcGFueUFkbWluSWQiOiIwIiwiUm9sZUlkIjoiMiIsIlJvbGVOYW1lIjoiQWRtaW4iLCJEYlRhYmxlTmFtZSI6IjkxOTM1NTMxODg4NSIsIlVzZXJUaW1lWm9uZSI6IjI0MCIsIkFjY291bnRTdWJEb21haW5EQiI6ImRlbW83IiwibmJmIjoxNzg0MTk3Nzk4LCJleHAiOjE3ODQ4MDI1OTh9._Ppf3-75AFxt42xQUqCKAcUTmZSdzMAgfu8xBBloEso",
  "content-type": "application/json",
  "origin": "https://demo7.anantya.ai",
  "priority": "u=1, i",
  "referer": "https://demo7.anantya.ai/",
  "sec-ch-ua": "\"Not;A=Brand\";v=\"8\", \"Chromium\";v=\"150\", \"Google Chrome\";v=\"150\"",
  "sec-ch-ua-mobile": "?0",
  "sec-ch-ua-platform": "\"Windows\"",
  "sec-fetch-dest": "empty",
  "sec-fetch-mode": "cors",
  "sec-fetch-site": "cross-site",
  "x-api-key": "D7ABBC42-8A61-47B0-9CF2-F7C4C8927536",
  "x-forwarded-for": "122.180.240.252",
  "x-forwarded-host": "tremor-blabber-lizard.ngrok-free.dev",
  "x-forwarded-proto": "https"
}
Body: {
  "entry": [
    {
      "changes": [
        {
          "value": {
            "messages": [
              {
                "from": "9198*****",
                "id": "Wamid_20251111_msg_57514",
                "timestamp": "1760437230",
                "type": "text",
                "text": {
                  "body": "Test test test test"
                }
              }
            ]
          }
        }
      ]
    }
  ]
}
RawBody: {"entry":[{"changes":[{"value":{"messages":[{"from":"9198*****","id":"Wamid_20251111_msg_57514","timestamp":"1760437230","type":"text","text":{"body":"Test test test test"}}]}}]}]}
==================================

=== NEW REQUEST [2026-07-22T06:01:00.301Z] ===
Method: POST
URL: /webhook/anantya
Headers: {
  "host": "tremor-blabber-lizard.ngrok-free.dev",
  "user-agent": "Mozilla/5.0 (Windows NT 10.0; Win64; x64) AppleWebKit/537.36 (KHTML, like Gecko) Chrome/150.0.0.0 Safari/537.36",
  "content-length": "167",
  "accept": "application/json, text/plain, */*",
  "accept-encoding": "gzip, deflate, br, zstd",
  "accept-language": "en-US,en;q=0.9,hi;q=0.8",
  "authorization": "Bearer eyJhbGciOiJIUzI1NiIsInR5cCI6IkpXVCJ9.eyJqdGkiOiI0Zjk2NzQyNC05YzE1LTQ5N2ItYTM5MS1iM2QxZDViMDcyYzEiLCJpYXQiOjE3ODQxOTc3OTgsInN1YiI6ImRlbW83IiwidW5pcXVlX25hbWUiOiIxIiwiQ3VzdG9tZXJJZCI6IjEiLCJMb2dpbklkIjoiZGVtbzciLCJXYU5vIjoiOTE5MzU1MzE4ODg1IiwiQ3VzdG9tZXJOYW1lIjoiQW5hbnR5YWFpIENvbW11bmljYXRpb25zIiwiQ29tcGFueUFkbWluSWQiOiIwIiwiUm9sZUlkIjoiMiIsIlJvbGVOYW1lIjoiQWRtaW4iLCJEYlRhYmxlTmFtZSI6IjkxOTM1NTMxODg4NSIsIlVzZXJUaW1lWm9uZSI6IjI0MCIsIkFjY291bnRTdWJEb21haW5EQiI6ImRlbW83IiwibmJmIjoxNzg0MTk3Nzk4LCJleHAiOjE3ODQ4MDI1OTh9._Ppf3-75AFxt42xQUqCKAcUTmZSdzMAgfu8xBBloEso",
  "content-type": "application/json",
  "origin": "https://demo7.anantya.ai",
  "priority": "u=1, i",
  "referer": "https://demo7.anantya.ai/",
  "sec-ch-ua": "\"Not;A=Brand\";v=\"8\", \"Chromium\";v=\"150\", \"Google Chrome\";v=\"150\"",
  "sec-ch-ua-mobile": "?0",
  "sec-ch-ua-platform": "\"Windows\"",
  "sec-fetch-dest": "empty",
  "sec-fetch-mode": "cors",
  "sec-fetch-site": "cross-site",
  "x-api-key": "D7ABBC42-8A61-47B0-9CF2-F7C4C8927536",
  "x-forwarded-for": "122.180.240.252",
  "x-forwarded-host": "tremor-blabber-lizard.ngrok-free.dev",
  "x-forwarded-proto": "https"
}
Body: {
  "entry": [
    {
      "changes": [
        {
          "value": {
            "statuses": [
              {
                "id": "Wamid_20251111_ord_56269",
                "recipient_id": "9198*****",
                "status": "sent/delivered/read",
                "timestamp": "1760099813"
              }
            ]
          }
        }
      ]
    }
  ]
}
RawBody: {"entry":[{"changes":[{"value":{"statuses":[{"id":"Wamid_20251111_ord_56269","recipient_id":"9198*****","status":"sent/delivered/read","timestamp":"1760099813"}]}}]}]}
==================================

=== NEW REQUEST [2026-07-22T06:01:00.379Z] ===
Method: POST
URL: /webhook/anantya
Headers: {
  "host": "tremor-blabber-lizard.ngrok-free.dev",
  "user-agent": "Mozilla/5.0 (Windows NT 10.0; Win64; x64) AppleWebKit/537.36 (KHTML, like Gecko) Chrome/150.0.0.0 Safari/537.36",
  "content-length": "247",
  "accept": "application/json, text/plain, */*",
  "accept-encoding": "gzip, deflate, br, zstd",
  "accept-language": "en-US,en;q=0.9,hi;q=0.8",
  "authorization": "Bearer eyJhbGciOiJIUzI1NiIsInR5cCI6IkpXVCJ9.eyJqdGkiOiI0Zjk2NzQyNC05YzE1LTQ5N2ItYTM5MS1iM2QxZDViMDcyYzEiLCJpYXQiOjE3ODQxOTc3OTgsInN1YiI6ImRlbW83IiwidW5pcXVlX25hbWUiOiIxIiwiQ3VzdG9tZXJJZCI6IjEiLCJMb2dpbklkIjoiZGVtbzciLCJXYU5vIjoiOTE5MzU1MzE4ODg1IiwiQ3VzdG9tZXJOYW1lIjoiQW5hbnR5YWFpIENvbW11bmljYXRpb25zIiwiQ29tcGFueUFkbWluSWQiOiIwIiwiUm9sZUlkIjoiMiIsIlJvbGVOYW1lIjoiQWRtaW4iLCJEYlRhYmxlTmFtZSI6IjkxOTM1NTMxODg4NSIsIlVzZXJUaW1lWm9uZSI6IjI0MCIsIkFjY291bnRTdWJEb21haW5EQiI6ImRlbW83IiwibmJmIjoxNzg0MTk3Nzk4LCJleHAiOjE3ODQ4MDI1OTh9._Ppf3-75AFxt42xQUqCKAcUTmZSdzMAgfu8xBBloEso",
  "content-type": "application/json",
  "origin": "https://demo7.anantya.ai",
  "priority": "u=1, i",
  "referer": "https://demo7.anantya.ai/",
  "sec-ch-ua": "\"Not;A=Brand\";v=\"8\", \"Chromium\";v=\"150\", \"Google Chrome\";v=\"150\"",
  "sec-ch-ua-mobile": "?0",
  "sec-ch-ua-platform": "\"Windows\"",
  "sec-fetch-dest": "empty",
  "sec-fetch-mode": "cors",
  "sec-fetch-site": "cross-site",
  "x-api-key": "D7ABBC42-8A61-47B0-9CF2-F7C4C8927536",
  "x-forwarded-for": "122.180.240.252",
  "x-forwarded-host": "tremor-blabber-lizard.ngrok-free.dev",
  "x-forwarded-proto": "https"
}
Body: {
  "entry": [
    {
      "changes": [
        {
          "value": {
            "statuses": [
              {
                "id": "Wamid_20251111_ord_56221",
                "recipient_id": "9198*****",
                "status": "failed",
                "timestamp": "1760002236",
                "errors": [
                  {
                    "code": 131026,
                    "title": "Message undeliverable",
                    "message": "Message undeliverable"
                  }
                ]
              }
            ]
          }
        }
      ]
    }
  ]
}
RawBody: {"entry":[{"changes":[{"value":{"statuses":[{"id":"Wamid_20251111_ord_56221","recipient_id":"9198*****","status":"failed","timestamp":"1760002236","errors":[{"code":131026,"title":"Message undeliverable","message":"Message undeliverable"}]}]}}]}]}
==================================

=== NEW REQUEST [2026-07-22T06:01:00.463Z] ===
Method: POST
URL: /webhook/anantya
Headers: {
  "host": "tremor-blabber-lizard.ngrok-free.dev",
  "user-agent": "Mozilla/5.0 (Windows NT 10.0; Win64; x64) AppleWebKit/537.36 (KHTML, like Gecko) Chrome/150.0.0.0 Safari/537.36",
  "content-length": "167",
  "accept": "application/json, text/plain, */*",
  "accept-encoding": "gzip, deflate, br, zstd",
  "accept-language": "en-US,en;q=0.9,hi;q=0.8",
  "authorization": "Bearer eyJhbGciOiJIUzI1NiIsInR5cCI6IkpXVCJ9.eyJqdGkiOiI0Zjk2NzQyNC05YzE1LTQ5N2ItYTM5MS1iM2QxZDViMDcyYzEiLCJpYXQiOjE3ODQxOTc3OTgsInN1YiI6ImRlbW83IiwidW5pcXVlX25hbWUiOiIxIiwiQ3VzdG9tZXJJZCI6IjEiLCJMb2dpbklkIjoiZGVtbzciLCJXYU5vIjoiOTE5MzU1MzE4ODg1IiwiQ3VzdG9tZXJOYW1lIjoiQW5hbnR5YWFpIENvbW11bmljYXRpb25zIiwiQ29tcGFueUFkbWluSWQiOiIwIiwiUm9sZUlkIjoiMiIsIlJvbGVOYW1lIjoiQWRtaW4iLCJEYlRhYmxlTmFtZSI6IjkxOTM1NTMxODg4NSIsIlVzZXJUaW1lWm9uZSI6IjI0MCIsIkFjY291bnRTdWJEb21haW5EQiI6ImRlbW83IiwibmJmIjoxNzg0MTk3Nzk4LCJleHAiOjE3ODQ4MDI1OTh9._Ppf3-75AFxt42xQUqCKAcUTmZSdzMAgfu8xBBloEso",
  "content-type": "application/json",
  "origin": "https://demo7.anantya.ai",
  "priority": "u=1, i",
  "referer": "https://demo7.anantya.ai/",
  "sec-ch-ua": "\"Not;A=Brand\";v=\"8\", \"Chromium\";v=\"150\", \"Google Chrome\";v=\"150\"",
  "sec-ch-ua-mobile": "?0",
  "sec-ch-ua-platform": "\"Windows\"",
  "sec-fetch-dest": "empty",
  "sec-fetch-mode": "cors",
  "sec-fetch-site": "cross-site",
  "x-api-key": "D7ABBC42-8A61-47B0-9CF2-F7C4C8927536",
  "x-forwarded-for": "122.180.240.252",
  "x-forwarded-host": "tremor-blabber-lizard.ngrok-free.dev",
  "x-forwarded-proto": "https"
}
Body: {
  "entry": [
    {
      "changes": [
        {
          "value": {
            "statuses": [
              {
                "id": "Wamid_20251111_msg_56269",
                "recipient_id": "9198*****",
                "status": "sent/delivered/read",
                "timestamp": "1760099813"
              }
            ]
          }
        }
      ]
    }
  ]
}
RawBody: {"entry":[{"changes":[{"value":{"statuses":[{"id":"Wamid_20251111_msg_56269","recipient_id":"9198*****","status":"sent/delivered/read","timestamp":"1760099813"}]}}]}]}
==================================

=== NEW REQUEST [2026-07-22T06:01:00.543Z] ===
Method: POST
URL: /webhook/anantya
Headers: {
  "host": "tremor-blabber-lizard.ngrok-free.dev",
  "user-agent": "Mozilla/5.0 (Windows NT 10.0; Win64; x64) AppleWebKit/537.36 (KHTML, like Gecko) Chrome/150.0.0.0 Safari/537.36",
  "content-length": "226",
  "accept": "application/json, text/plain, */*",
  "accept-encoding": "gzip, deflate, br, zstd",
  "accept-language": "en-US,en;q=0.9,hi;q=0.8",
  "authorization": "Bearer eyJhbGciOiJIUzI1NiIsInR5cCI6IkpXVCJ9.eyJqdGkiOiI0Zjk2NzQyNC05YzE1LTQ5N2ItYTM5MS1iM2QxZDViMDcyYzEiLCJpYXQiOjE3ODQxOTc3OTgsInN1YiI6ImRlbW83IiwidW5pcXVlX25hbWUiOiIxIiwiQ3VzdG9tZXJJZCI6IjEiLCJMb2dpbklkIjoiZGVtbzciLCJXYU5vIjoiOTE5MzU1MzE4ODg1IiwiQ3VzdG9tZXJOYW1lIjoiQW5hbnR5YWFpIENvbW11bmljYXRpb25zIiwiQ29tcGFueUFkbWluSWQiOiIwIiwiUm9sZUlkIjoiMiIsIlJvbGVOYW1lIjoiQWRtaW4iLCJEYlRhYmxlTmFtZSI6IjkxOTM1NTMxODg4NSIsIlVzZXJUaW1lWm9uZSI6IjI0MCIsIkFjY291bnRTdWJEb21haW5EQiI6ImRlbW83IiwibmJmIjoxNzg0MTk3Nzk4LCJleHAiOjE3ODQ4MDI1OTh9._Ppf3-75AFxt42xQUqCKAcUTmZSdzMAgfu8xBBloEso",
  "content-type": "application/json",
  "origin": "https://demo7.anantya.ai",
  "priority": "u=1, i",
  "referer": "https://demo7.anantya.ai/",
  "sec-ch-ua": "\"Not;A=Brand\";v=\"8\", \"Chromium\";v=\"150\", \"Google Chrome\";v=\"150\"",
  "sec-ch-ua-mobile": "?0",
  "sec-ch-ua-platform": "\"Windows\"",
  "sec-fetch-dest": "empty",
  "sec-fetch-mode": "cors",
  "sec-fetch-site": "cross-site",
  "x-api-key": "D7ABBC42-8A61-47B0-9CF2-F7C4C8927536",
  "x-forwarded-for": "122.180.240.252",
  "x-forwarded-host": "tremor-blabber-lizard.ngrok-free.dev",
  "x-forwarded-proto": "https"
}
Body: {
  "entry": [
    {
      "changes": [
        {
          "value": {
            "statuses": [
              {
                "id": "Wamid_20251111_msg_56221",
                "recipient_id": "9198*****",
                "status": "failed",
                "timestamp": "1760002236",
                "errors": [
                  {
                    "code": 131047,
                    "title": "Re-engagement message",
                    "message": ""
                  }
                ]
              }
            ]
          }
        }
      ]
    }
  ]
}
RawBody: {"entry":[{"changes":[{"value":{"statuses":[{"id":"Wamid_20251111_msg_56221","recipient_id":"9198*****","status":"failed","timestamp":"1760002236","errors":[{"code":131047,"title":"Re-engagement message","message":""}]}]}}]}]}
==================================

=== NEW REQUEST [2026-07-22T06:01:00.624Z] ===
Method: POST
URL: /webhook/anantya
Headers: {
  "host": "tremor-blabber-lizard.ngrok-free.dev",
  "user-agent": "Mozilla/5.0 (Windows NT 10.0; Win64; x64) AppleWebKit/537.36 (KHTML, like Gecko) Chrome/150.0.0.0 Safari/537.36",
  "content-length": "180",
  "accept": "application/json, text/plain, */*",
  "accept-encoding": "gzip, deflate, br, zstd",
  "accept-language": "en-US,en;q=0.9,hi;q=0.8",
  "authorization": "Bearer eyJhbGciOiJIUzI1NiIsInR5cCI6IkpXVCJ9.eyJqdGkiOiI0Zjk2NzQyNC05YzE1LTQ5N2ItYTM5MS1iM2QxZDViMDcyYzEiLCJpYXQiOjE3ODQxOTc3OTgsInN1YiI6ImRlbW83IiwidW5pcXVlX25hbWUiOiIxIiwiQ3VzdG9tZXJJZCI6IjEiLCJMb2dpbklkIjoiZGVtbzciLCJXYU5vIjoiOTE5MzU1MzE4ODg1IiwiQ3VzdG9tZXJOYW1lIjoiQW5hbnR5YWFpIENvbW11bmljYXRpb25zIiwiQ29tcGFueUFkbWluSWQiOiIwIiwiUm9sZUlkIjoiMiIsIlJvbGVOYW1lIjoiQWRtaW4iLCJEYlRhYmxlTmFtZSI6IjkxOTM1NTMxODg4NSIsIlVzZXJUaW1lWm9uZSI6IjI0MCIsIkFjY291bnRTdWJEb21haW5EQiI6ImRlbW83IiwibmJmIjoxNzg0MTk3Nzk4LCJleHAiOjE3ODQ4MDI1OTh9._Ppf3-75AFxt42xQUqCKAcUTmZSdzMAgfu8xBBloEso",
  "content-type": "application/json",
  "origin": "https://demo7.anantya.ai",
  "priority": "u=1, i",
  "referer": "https://demo7.anantya.ai/",
  "sec-ch-ua": "\"Not;A=Brand\";v=\"8\", \"Chromium\";v=\"150\", \"Google Chrome\";v=\"150\"",
  "sec-ch-ua-mobile": "?0",
  "sec-ch-ua-platform": "\"Windows\"",
  "sec-fetch-dest": "empty",
  "sec-fetch-mode": "cors",
  "sec-fetch-site": "cross-site",
  "x-api-key": "D7ABBC42-8A61-47B0-9CF2-F7C4C8927536",
  "x-forwarded-for": "122.180.240.252",
  "x-forwarded-host": "tremor-blabber-lizard.ngrok-free.dev",
  "x-forwarded-proto": "https"
}
Body: {
  "entry": [
    {
      "changes": [
        {
          "value": {
            "messages": [
              {
                "from": "9198*****",
                "id": "Wamid_20251111_msg_57514",
                "timestamp": "1760437230",
                "type": "text",
                "text": {
                  "body": "Test test test test"
                }
              }
            ]
          }
        }
      ]
    }
  ]
}
RawBody: {"entry":[{"changes":[{"value":{"messages":[{"from":"9198*****","id":"Wamid_20251111_msg_57514","timestamp":"1760437230","type":"text","text":{"body":"Test test test test"}}]}}]}]}
==================================

=== NEW REQUEST [2026-07-22T06:06:06.190Z] ===
Method: GET
URL: /webhook/anantya
Headers: {
  "host": "tremor-blabber-lizard.ngrok-free.dev",
  "user-agent": "Mozilla/5.0 (Windows NT 10.0; Win64; x64) AppleWebKit/537.36 (KHTML, like Gecko) Chrome/150.0.0.0 Safari/537.36",
  "accept": "text/html,application/xhtml+xml,application/xml;q=0.9,image/avif,image/webp,image/apng,*/*;q=0.8,application/signed-exchange;v=b3;q=0.7",
  "accept-encoding": "gzip, deflate, br, zstd",
  "accept-language": "en-US,en;q=0.9,hi;q=0.8",
  "cookie": "abuse_interstitial=tremor-blabber-lizard.ngrok-free.dev",
  "if-none-match": "W/\"2-nOO9QiTIwXgNtWtBJezz8kv3SLc\"",
  "priority": "u=0, i",
  "sec-ch-ua": "\"Not;A=Brand\";v=\"8\", \"Chromium\";v=\"150\", \"Google Chrome\";v=\"150\"",
  "sec-ch-ua-mobile": "?0",
  "sec-ch-ua-platform": "\"Windows\"",
  "sec-fetch-dest": "document",
  "sec-fetch-mode": "navigate",
  "sec-fetch-site": "none",
  "sec-fetch-user": "?1",
  "upgrade-insecure-requests": "1",
  "x-forwarded-for": "122.180.240.252",
  "x-forwarded-host": "tremor-blabber-lizard.ngrok-free.dev",
  "x-forwarded-proto": "https"
}
Body: {}
RawBody: 
==================================

=== NEW REQUEST [2026-07-22T06:06:21.106Z] ===
Method: GET
URL: /webhook/anantya
Headers: {
  "host": "tremor-blabber-lizard.ngrok-free.dev",
  "user-agent": "Mozilla/5.0 (Windows NT 10.0; Win64; x64) AppleWebKit/537.36 (KHTML, like Gecko) Chrome/150.0.0.0 Safari/537.36",
  "accept": "text/html,application/xhtml+xml,application/xml;q=0.9,image/avif,image/webp,image/apng,*/*;q=0.8,application/signed-exchange;v=b3;q=0.7",
  "accept-encoding": "gzip, deflate, br, zstd",
  "accept-language": "en-US,en;q=0.9,hi;q=0.8",
  "cache-control": "no-cache",
  "cookie": "abuse_interstitial=tremor-blabber-lizard.ngrok-free.dev; connect.sid=s%3AWZORXXEZEztD8mOqlQ1Rbzr9RQB8Gq93.971BObz9Xqp2ZIxZxMepxOJttscNsNzNg%2B3PqzRaYnA",
  "pragma": "no-cache",
  "priority": "u=0, i",
  "sec-ch-ua": "\"Not;A=Brand\";v=\"8\", \"Chromium\";v=\"150\", \"Google Chrome\";v=\"150\"",
  "sec-ch-ua-mobile": "?0",
  "sec-ch-ua-platform": "\"Windows\"",
  "sec-fetch-dest": "document",
  "sec-fetch-mode": "navigate",
  "sec-fetch-site": "same-origin",
  "sec-fetch-user": "?1",
  "upgrade-insecure-requests": "1",
  "x-forwarded-for": "122.180.240.252",
  "x-forwarded-host": "tremor-blabber-lizard.ngrok-free.dev",
  "x-forwarded-proto": "https"
}
Body: {}
RawBody: 
==================================

=== NEW REQUEST [2026-07-22T06:23:08.664Z] ===
Method: GET
URL: /webhook/anantya
Headers: {
  "host": "tremor-blabber-lizard.ngrok-free.dev",
  "user-agent": "curl/8.14.1",
  "accept": "*/*",
  "x-forwarded-for": "122.180.240.252",
  "x-forwarded-host": "tremor-blabber-lizard.ngrok-free.dev",
  "x-forwarded-proto": "https",
  "accept-encoding": "gzip"
}
Body: {}
RawBody: 
==================================

=== NEW REQUEST [2026-07-22T06:23:08.900Z] ===
Method: GET
URL: /webhook/anantya
Headers: {
  "host": "tremor-blabber-lizard.ngrok-free.dev",
  "user-agent": "curl/8.14.1",
  "accept": "*/*",
  "ngrok-skip-browser-warning": "true",
  "x-forwarded-for": "122.180.240.252",
  "x-forwarded-host": "tremor-blabber-lizard.ngrok-free.dev",
  "x-forwarded-proto": "https",
  "accept-encoding": "gzip"
}
Body: {}
RawBody: 
==================================

=== NEW REQUEST [2026-07-22T09:22:54.282Z] ===
Method: GET
URL: /webhook/anantya
Headers: {
  "host": "tremor-blabber-lizard.ngrok-free.dev",
  "user-agent": "curl/8.14.1",
  "accept": "*/*",
  "x-forwarded-for": "122.180.240.252",
  "x-forwarded-host": "tremor-blabber-lizard.ngrok-free.dev",
  "x-forwarded-proto": "https",
  "accept-encoding": "gzip"
}
Body: {}
RawBody: 
==================================

=== NEW REQUEST [2026-08-07T11:08:13.792Z] ===
Method: POST
URL: /webhook/anantya
Headers: {
  "host": "localhost:8090",
  "user-agent": "curl/8.14.1",
  "accept": "*/*",
  "content-type": "application/json",
  "content-length": "15"
}
Body: {
  "test": "ping"
}
RawBody: {"test":"ping"}
==================================
